// Jest Snapshot v1, https://goo.gl/fbAQLP

exports[`Slider should render Slider with correct DOM structure 1`] = `
<div
  class="rce-slider"
>
  <div
    class="rce-slider-rail"
  >
    
  </div>
  <div
    class="rce-slider-track"
    style="left:0%;width:0%"
  >
    
  </div>
  <div
    class="rce-slider-step"
  >
    
  </div>
  <div
    aria-disabled="false"
    aria-valuemax="100"
    aria-valuemin="0"
    aria-valuenow="0"
    class="rce-slider-handle"
    role="slider"
    style="left:0%"
    tabindex="0"
  >
    
  </div>
  <div
    class="rce-slider-mark"
  >
    
  </div>
</div>
`;
